app/dashboard/[id]/contributions/payment/donate-form.tsx(116,26): error TS7006: Parameter 'prev' implicitly has an 'any' type.
app/dashboard/[id]/settings/notifications/page.tsx(17,50): error TS2739: Type '{ general: { farewell_name: string; sections: string[]; timezone: string; currency: string; locale: string; is_maintenance_mode: boolean; is_archived: boolean; academic_year?: string | undefined; event_date?: string | ... 1 more ... | undefined; support_email?: string | undefined; }; ... 6 more ...; features: { ...;...' is missing the following properties from type '{ enable_email_notifications: boolean; enable_push_notifications: boolean; enable_whatsapp_notifications: boolean; admin_digest_frequency: "never" | "daily" | "weekly"; student_digest_frequency: "never" | ... 1 more ... | "weekly"; }': enable_email_notifications, enable_push_notifications, enable_whatsapp_notifications, admin_digest_frequency, student_digest_frequency
app/dashboard/[id]/transactions/page.tsx(64,11): error TS2322: Type '{ data: any; farewellId: string; isAdmin: true; }' is not assignable to type 'IntrinsicAttributes & { farewellId: string; isAdmin?: boolean | undefined; refreshTrigger?: number | undefined; }'.
  Property 'data' does not exist on type 'IntrinsicAttributes & { farewellId: string; isAdmin?: boolean | undefined; refreshTrigger?: number | undefined; }'.
components/duties/create-duty-wizard.tsx(177,9): error TS2322: Type 'string' is not assignable to type '"low" | "medium" | "high" | undefined'.
components/resources/downloads-list.tsx(28,3): error TS2305: Module '"@/app/actions/resource-actions"' has no exported member 'createDownloadAction'.
components/resources/downloads-list.tsx(29,3): error TS2305: Module '"@/app/actions/resource-actions"' has no exported member 'deleteDownloadAction'.
components/resources/music-list.tsx(30,3): error TS2305: Module '"@/app/actions/resource-actions"' has no exported member 'createMusicAction'.
components/resources/music-list.tsx(31,3): error TS2305: Module '"@/app/actions/resource-actions"' has no exported member 'deleteMusicAction'.
components/resources/templates-list.tsx(10,3): error TS2305: Module '"@/app/actions/resource-actions"' has no exported member 'deleteTemplateAction'.
components/resources/templates-list.tsx(11,3): error TS2305: Module '"@/app/actions/resource-actions"' has no exported member 'createTemplateAction'.
components/settings/forms/AdvancedSettingsForm.tsx(34,5): error TS2322: Type 'Resolver<{ enable_ai_moderation?: boolean | undefined; enable_ocr_receipts?: boolean | undefined; enable_gallery?: boolean | undefined; }, any, { enable_ai_moderation: boolean; enable_ocr_receipts: boolean; enable_gallery: boolean; }>' is not assignable to type 'Resolver<{ enable_ai_moderation: boolean; enable_ocr_receipts: boolean; enable_gallery: boolean; }, any, { enable_ai_moderation: boolean; enable_ocr_receipts: boolean; enable_gallery: boolean; }>'.
  Types of parameters 'options' and 'options' are incompatible.
    Type 'ResolverOptions<{ enable_ai_moderation: boolean; enable_ocr_receipts: boolean; enable_gallery: boolean; }>' is not assignable to type 'ResolverOptions<{ enable_ai_moderation?: boolean | undefined; enable_ocr_receipts?: boolean | undefined; enable_gallery?: boolean | undefined; }>'.
      Type 'boolean | undefined' is not assignable to type 'boolean'.
        Type 'undefined' is not assignable to type 'boolean'.
components/settings/forms/AdvancedSettingsForm.tsx(59,41): error TS2345: Argument of type '(data: { enable_ai_moderation: boolean; enable_ocr_receipts: boolean; enable_gallery: boolean; }) => void' is not assignable to parameter of type 'SubmitHandler<TFieldValues>'.
  Types of parameters 'data' and 'data' are incompatible.
    Type 'TFieldValues' is not assignable to type '{ enable_ai_moderation: boolean; enable_ocr_receipts: boolean; enable_gallery: boolean; }'.
      Type 'FieldValues' is missing the following properties from type '{ enable_ai_moderation: boolean; enable_ocr_receipts: boolean; enable_gallery: boolean; }': enable_ai_moderation, enable_ocr_receipts, enable_gallery
components/settings/forms/AdvancedSettingsForm.tsx(65,13): error TS2322: Type 'Control<{ enable_ai_moderation: boolean; enable_ocr_receipts: boolean; enable_gallery: boolean; }, any, TFieldValues>' is not assignable to type 'Control<{ enable_ai_moderation: boolean; enable_ocr_receipts: boolean; enable_gallery: boolean; }, any, { enable_ai_moderation: boolean; enable_ocr_receipts: boolean; enable_gallery: boolean; }>'.
  The types of '_options.resolver' are incompatible between these types.
    Type 'Resolver<{ enable_ai_moderation: boolean; enable_ocr_receipts: boolean; enable_gallery: boolean; }, any, TFieldValues> | undefined' is not assignable to type 'Resolver<{ enable_ai_moderation: boolean; enable_ocr_receipts: boolean; enable_gallery: boolean; }, any, { enable_ai_moderation: boolean; enable_ocr_receipts: boolean; enable_gallery: boolean; }> | undefined'.
      Type 'Resolver<{ enable_ai_moderation: boolean; enable_ocr_receipts: boolean; enable_gallery: boolean; }, any, TFieldValues>' is not assignable to type 'Resolver<{ enable_ai_moderation: boolean; enable_ocr_receipts: boolean; enable_gallery: boolean; }, any, { enable_ai_moderation: boolean; enable_ocr_receipts: boolean; enable_gallery: boolean; }>'.
        Type 'ResolverResult<{ enable_ai_moderation: boolean; enable_ocr_receipts: boolean; enable_gallery: boolean; }, TFieldValues> | Promise<ResolverResult<{ enable_ai_moderation: boolean; enable_ocr_receipts: boolean; enable_gallery: boolean; }, TFieldValues>>' is not assignable to type 'ResolverResult<{ enable_ai_moderation: boolean; enable_ocr_receipts: boolean; enable_gallery: boolean; }, { enable_ai_moderation: boolean; enable_ocr_receipts: boolean; enable_gallery: boolean; }> | Promise<...>'.
          Type 'ResolverSuccess<TFieldValues>' is not assignable to type 'ResolverResult<{ enable_ai_moderation: boolean; enable_ocr_receipts: boolean; enable_gallery: boolean; }, { enable_ai_moderation: boolean; enable_ocr_receipts: boolean; enable_gallery: boolean; }> | Promise<...>'.
            Type 'ResolverSuccess<TFieldValues>' is not assignable to type 'ResolverSuccess<{ enable_ai_moderation: boolean; enable_ocr_receipts: boolean; enable_gallery: boolean; }>'.
              Type 'TFieldValues' is not assignable to type '{ enable_ai_moderation: boolean; enable_ocr_receipts: boolean; enable_gallery: boolean; }'.
                Type 'FieldValues' is missing the following properties from type '{ enable_ai_moderation: boolean; enable_ocr_receipts: boolean; enable_gallery: boolean; }': enable_ai_moderation, enable_ocr_receipts, enable_gallery
components/settings/forms/AdvancedSettingsForm.tsx(71,17): error TS2322: Type 'boolean | undefined' is not assignable to type 'boolean'.
  Type 'undefined' is not assignable to type 'boolean'.
components/settings/forms/AdvancedSettingsForm.tsx(78,13): error TS2322: Type 'Control<{ enable_ai_moderation: boolean; enable_ocr_receipts: boolean; enable_gallery: boolean; }, any, TFieldValues>' is not assignable to type 'Control<{ enable_ai_moderation: boolean; enable_ocr_receipts: boolean; enable_gallery: boolean; }, any, { enable_ai_moderation: boolean; enable_ocr_receipts: boolean; enable_gallery: boolean; }>'.
  The types of '_options.resolver' are incompatible between these types.
    Type 'Resolver<{ enable_ai_moderation: boolean; enable_ocr_receipts: boolean; enable_gallery: boolean; }, any, TFieldValues> | undefined' is not assignable to type 'Resolver<{ enable_ai_moderation: boolean; enable_ocr_receipts: boolean; enable_gallery: boolean; }, any, { enable_ai_moderation: boolean; enable_ocr_receipts: boolean; enable_gallery: boolean; }> | undefined'.
      Type 'Resolver<{ enable_ai_moderation: boolean; enable_ocr_receipts: boolean; enable_gallery: boolean; }, any, TFieldValues>' is not assignable to type 'Resolver<{ enable_ai_moderation: boolean; enable_ocr_receipts: boolean; enable_gallery: boolean; }, any, { enable_ai_moderation: boolean; enable_ocr_receipts: boolean; enable_gallery: boolean; }>'.
        Type 'ResolverResult<{ enable_ai_moderation: boolean; enable_ocr_receipts: boolean; enable_gallery: boolean; }, TFieldValues> | Promise<ResolverResult<{ enable_ai_moderation: boolean; enable_ocr_receipts: boolean; enable_gallery: boolean; }, TFieldValues>>' is not assignable to type 'ResolverResult<{ enable_ai_moderation: boolean; enable_ocr_receipts: boolean; enable_gallery: boolean; }, { enable_ai_moderation: boolean; enable_ocr_receipts: boolean; enable_gallery: boolean; }> | Promise<...>'.
          Type 'ResolverSuccess<TFieldValues>' is not assignable to type 'ResolverResult<{ enable_ai_moderation: boolean; enable_ocr_receipts: boolean; enable_gallery: boolean; }, { enable_ai_moderation: boolean; enable_ocr_receipts: boolean; enable_gallery: boolean; }> | Promise<...>'.
            Type 'ResolverSuccess<TFieldValues>' is not assignable to type 'ResolverSuccess<{ enable_ai_moderation: boolean; enable_ocr_receipts: boolean; enable_gallery: boolean; }>'.
              Type 'TFieldValues' is not assignable to type '{ enable_ai_moderation: boolean; enable_ocr_receipts: boolean; enable_gallery: boolean; }'.
                Type 'FieldValues' is missing the following properties from type '{ enable_ai_moderation: boolean; enable_ocr_receipts: boolean; enable_gallery: boolean; }': enable_ai_moderation, enable_ocr_receipts, enable_gallery
components/settings/forms/AdvancedSettingsForm.tsx(84,17): error TS2322: Type 'boolean | undefined' is not assignable to type 'boolean'.
  Type 'undefined' is not assignable to type 'boolean'.
components/settings/forms/GallerySettingsForm.tsx(43,5): error TS2322: Type 'Resolver<{ enable_ai_moderation?: boolean | undefined; enable_ocr_receipts?: boolean | undefined; enable_gallery?: boolean | undefined; }, any, { enable_ai_moderation: boolean; enable_ocr_receipts: boolean; enable_gallery: boolean; }>' is not assignable to type 'Resolver<{ enable_ai_moderation: boolean; enable_ocr_receipts: boolean; enable_gallery: boolean; }, any, { enable_ai_moderation: boolean; enable_ocr_receipts: boolean; enable_gallery: boolean; }>'.
  Types of parameters 'options' and 'options' are incompatible.
    Type 'ResolverOptions<{ enable_ai_moderation: boolean; enable_ocr_receipts: boolean; enable_gallery: boolean; }>' is not assignable to type 'ResolverOptions<{ enable_ai_moderation?: boolean | undefined; enable_ocr_receipts?: boolean | undefined; enable_gallery?: boolean | undefined; }>'.
      Type 'boolean | undefined' is not assignable to type 'boolean'.
        Type 'undefined' is not assignable to type 'boolean'.
components/settings/forms/GallerySettingsForm.tsx(68,41): error TS2345: Argument of type '(data: { enable_ai_moderation: boolean; enable_ocr_receipts: boolean; enable_gallery: boolean; }) => void' is not assignable to parameter of type 'SubmitHandler<TFieldValues>'.
  Types of parameters 'data' and 'data' are incompatible.
    Type 'TFieldValues' is not assignable to type '{ enable_ai_moderation: boolean; enable_ocr_receipts: boolean; enable_gallery: boolean; }'.
      Type 'FieldValues' is missing the following properties from type '{ enable_ai_moderation: boolean; enable_ocr_receipts: boolean; enable_gallery: boolean; }': enable_ai_moderation, enable_ocr_receipts, enable_gallery
components/settings/forms/GallerySettingsForm.tsx(74,13): error TS2322: Type 'Control<{ enable_ai_moderation: boolean; enable_ocr_receipts: boolean; enable_gallery: boolean; }, any, TFieldValues>' is not assignable to type 'Control<{ enable_ai_moderation: boolean; enable_ocr_receipts: boolean; enable_gallery: boolean; }, any, { enable_ai_moderation: boolean; enable_ocr_receipts: boolean; enable_gallery: boolean; }>'.
  The types of '_options.resolver' are incompatible between these types.
    Type 'Resolver<{ enable_ai_moderation: boolean; enable_ocr_receipts: boolean; enable_gallery: boolean; }, any, TFieldValues> | undefined' is not assignable to type 'Resolver<{ enable_ai_moderation: boolean; enable_ocr_receipts: boolean; enable_gallery: boolean; }, any, { enable_ai_moderation: boolean; enable_ocr_receipts: boolean; enable_gallery: boolean; }> | undefined'.
      Type 'Resolver<{ enable_ai_moderation: boolean; enable_ocr_receipts: boolean; enable_gallery: boolean; }, any, TFieldValues>' is not assignable to type 'Resolver<{ enable_ai_moderation: boolean; enable_ocr_receipts: boolean; enable_gallery: boolean; }, any, { enable_ai_moderation: boolean; enable_ocr_receipts: boolean; enable_gallery: boolean; }>'.
        Type 'ResolverResult<{ enable_ai_moderation: boolean; enable_ocr_receipts: boolean; enable_gallery: boolean; }, TFieldValues> | Promise<ResolverResult<{ enable_ai_moderation: boolean; enable_ocr_receipts: boolean; enable_gallery: boolean; }, TFieldValues>>' is not assignable to type 'ResolverResult<{ enable_ai_moderation: boolean; enable_ocr_receipts: boolean; enable_gallery: boolean; }, { enable_ai_moderation: boolean; enable_ocr_receipts: boolean; enable_gallery: boolean; }> | Promise<...>'.
          Type 'ResolverSuccess<TFieldValues>' is not assignable to type 'ResolverResult<{ enable_ai_moderation: boolean; enable_ocr_receipts: boolean; enable_gallery: boolean; }, { enable_ai_moderation: boolean; enable_ocr_receipts: boolean; enable_gallery: boolean; }> | Promise<...>'.
            Type 'ResolverSuccess<TFieldValues>' is not assignable to type 'ResolverSuccess<{ enable_ai_moderation: boolean; enable_ocr_receipts: boolean; enable_gallery: boolean; }>'.
              Type 'TFieldValues' is not assignable to type '{ enable_ai_moderation: boolean; enable_ocr_receipts: boolean; enable_gallery: boolean; }'.
                Type 'FieldValues' is missing the following properties from type '{ enable_ai_moderation: boolean; enable_ocr_receipts: boolean; enable_gallery: boolean; }': enable_ai_moderation, enable_ocr_receipts, enable_gallery
components/settings/forms/GallerySettingsForm.tsx(80,17): error TS2322: Type 'boolean | undefined' is not assignable to type 'boolean'.
  Type 'undefined' is not assignable to type 'boolean'.
components/settings/forms/RolesSettingsForm.tsx(42,5): error TS2322: Type 'Resolver<{ roles: Record<string, { can_create_duties?: boolean | undefined; can_manage_finance?: boolean | undefined; can_post_announcements?: boolean | undefined; can_invite_users?: boolean | undefined; can_edit_settings?: boolean | undefined; max_receipt_amount?: number | ... 1 more ... | undefined; }>; }, any, { ...' is not assignable to type 'Resolver<{ roles: Record<string, { can_create_duties: boolean; can_manage_finance: boolean; can_post_announcements: boolean; can_invite_users: boolean; can_edit_settings: boolean; max_receipt_amount?: number | ... 1 more ... | undefined; }>; }, any, { ...; }>'.
  Types of parameters 'options' and 'options' are incompatible.
    Type 'ResolverOptions<{ roles: Record<string, { can_create_duties: boolean; can_manage_finance: boolean; can_post_announcements: boolean; can_invite_users: boolean; can_edit_settings: boolean; max_receipt_amount?: number | ... 1 more ... | undefined; }>; }>' is not assignable to type 'ResolverOptions<{ roles: Record<string, { can_create_duties?: boolean | undefined; can_manage_finance?: boolean | undefined; can_post_announcements?: boolean | undefined; can_invite_users?: boolean | undefined; can_edit_settings?: boolean | undefined; max_receipt_amount?: number | ... 1 more ... | undefined; }>; }>'.
      Type 'Record<string, { can_create_duties?: boolean | undefined; can_manage_finance?: boolean | undefined; can_post_announcements?: boolean | undefined; can_invite_users?: boolean | undefined; can_edit_settings?: boolean | undefined; max_receipt_amount?: number | ... 1 more ... | undefined; }>' is not assignable to type 'Record<string, { can_create_duties: boolean; can_manage_finance: boolean; can_post_announcements: boolean; can_invite_users: boolean; can_edit_settings: boolean; max_receipt_amount?: number | null | undefined; }>'.
        'string' index signatures are incompatible.
          Type '{ can_create_duties?: boolean | undefined; can_manage_finance?: boolean | undefined; can_post_announcements?: boolean | undefined; can_invite_users?: boolean | undefined; can_edit_settings?: boolean | undefined; max_receipt_amount?: number | ... 1 more ... | undefined; }' is not assignable to type '{ can_create_duties: boolean; can_manage_finance: boolean; can_post_announcements: boolean; can_invite_users: boolean; can_edit_settings: boolean; max_receipt_amount?: number | null | undefined; }'.
            Types of property 'can_create_duties' are incompatible.
              Type 'boolean | undefined' is not assignable to type 'boolean'.
                Type 'undefined' is not assignable to type 'boolean'.
components/settings/forms/RolesSettingsForm.tsx(79,41): error TS2345: Argument of type '(data: { roles: Record<string, { can_create_duties: boolean; can_manage_finance: boolean; can_post_announcements: boolean; can_invite_users: boolean; can_edit_settings: boolean; max_receipt_amount?: number | ... 1 more ... | undefined; }>; }) => void' is not assignable to parameter of type 'SubmitHandler<TFieldValues>'.
  Types of parameters 'data' and 'data' are incompatible.
    Type 'TFieldValues' is not assignable to type '{ roles: Record<string, { can_create_duties: boolean; can_manage_finance: boolean; can_post_announcements: boolean; can_invite_users: boolean; can_edit_settings: boolean; max_receipt_amount?: number | ... 1 more ... | undefined; }>; }'.
      Property 'roles' is missing in type 'FieldValues' but required in type '{ roles: Record<string, { can_create_duties: boolean; can_manage_finance: boolean; can_post_announcements: boolean; can_invite_users: boolean; can_edit_settings: boolean; max_receipt_amount?: number | ... 1 more ... | undefined; }>; }'.
components/settings/forms/RolesSettingsForm.tsx(90,17): error TS2322: Type 'Control<{ roles: Record<string, { can_create_duties: boolean; can_manage_finance: boolean; can_post_announcements: boolean; can_invite_users: boolean; can_edit_settings: boolean; max_receipt_amount?: number | ... 1 more ... | undefined; }>; }, any, TFieldValues>' is not assignable to type 'Control<{ roles: Record<string, { can_create_duties: boolean; can_manage_finance: boolean; can_post_announcements: boolean; can_invite_users: boolean; can_edit_settings: boolean; max_receipt_amount?: number | ... 1 more ... | undefined; }>; }, any, { ...; }>'.
  The types of '_options.resolver' are incompatible between these types.
    Type 'Resolver<{ roles: Record<string, { can_create_duties: boolean; can_manage_finance: boolean; can_post_announcements: boolean; can_invite_users: boolean; can_edit_settings: boolean; max_receipt_amount?: number | ... 1 more ... | undefined; }>; }, any, TFieldValues> | undefined' is not assignable to type 'Resolver<{ roles: Record<string, { can_create_duties: boolean; can_manage_finance: boolean; can_post_announcements: boolean; can_invite_users: boolean; can_edit_settings: boolean; max_receipt_amount?: number | ... 1 more ... | undefined; }>; }, any, { ...; }> | undefined'.
      Type 'Resolver<{ roles: Record<string, { can_create_duties: boolean; can_manage_finance: boolean; can_post_announcements: boolean; can_invite_users: boolean; can_edit_settings: boolean; max_receipt_amount?: number | ... 1 more ... | undefined; }>; }, any, TFieldValues>' is not assignable to type 'Resolver<{ roles: Record<string, { can_create_duties: boolean; can_manage_finance: boolean; can_post_announcements: boolean; can_invite_users: boolean; can_edit_settings: boolean; max_receipt_amount?: number | ... 1 more ... | undefined; }>; }, any, { ...; }>'.
        Type 'ResolverResult<{ roles: Record<string, { can_create_duties: boolean; can_manage_finance: boolean; can_post_announcements: boolean; can_invite_users: boolean; can_edit_settings: boolean; max_receipt_amount?: number | ... 1 more ... | undefined; }>; }, TFieldValues> | Promise<...>' is not assignable to type 'ResolverResult<{ roles: Record<string, { can_create_duties: boolean; can_manage_finance: boolean; can_post_announcements: boolean; can_invite_users: boolean; can_edit_settings: boolean; max_receipt_amount?: number | ... 1 more ... | undefined; }>; }, { ...; }> | Promise<...>'.
          Type 'ResolverSuccess<TFieldValues>' is not assignable to type 'ResolverResult<{ roles: Record<string, { can_create_duties: boolean; can_manage_finance: boolean; can_post_announcements: boolean; can_invite_users: boolean; can_edit_settings: boolean; max_receipt_amount?: number | ... 1 more ... | undefined; }>; }, { ...; }> | Promise<...>'.
            Type 'ResolverSuccess<TFieldValues>' is not assignable to type 'ResolverSuccess<{ roles: Record<string, { can_create_duties: boolean; can_manage_finance: boolean; can_post_announcements: boolean; can_invite_users: boolean; can_edit_settings: boolean; max_receipt_amount?: number | ... 1 more ... | undefined; }>; }>'.
              Type 'TFieldValues' is not assignable to type '{ roles: Record<string, { can_create_duties: boolean; can_manage_finance: boolean; can_post_announcements: boolean; can_invite_users: boolean; can_edit_settings: boolean; max_receipt_amount?: number | ... 1 more ... | undefined; }>; }'.
                Property 'roles' is missing in type 'FieldValues' but required in type '{ roles: Record<string, { can_create_duties: boolean; can_manage_finance: boolean; can_post_announcements: boolean; can_invite_users: boolean; can_edit_settings: boolean; max_receipt_amount?: number | ... 1 more ... | undefined; }>; }'.
components/settings/forms/RolesSettingsForm.tsx(96,21): error TS2322: Type 'boolean | undefined' is not assignable to type 'boolean'.
  Type 'undefined' is not assignable to type 'boolean'.
components/settings/forms/RolesSettingsForm.tsx(102,17): error TS2322: Type 'Control<{ roles: Record<string, { can_create_duties: boolean; can_manage_finance: boolean; can_post_announcements: boolean; can_invite_users: boolean; can_edit_settings: boolean; max_receipt_amount?: number | ... 1 more ... | undefined; }>; }, any, TFieldValues>' is not assignable to type 'Control<{ roles: Record<string, { can_create_duties: boolean; can_manage_finance: boolean; can_post_announcements: boolean; can_invite_users: boolean; can_edit_settings: boolean; max_receipt_amount?: number | ... 1 more ... | undefined; }>; }, any, { ...; }>'.
  The types of '_options.resolver' are incompatible between these types.
    Type 'Resolver<{ roles: Record<string, { can_create_duties: boolean; can_manage_finance: boolean; can_post_announcements: boolean; can_invite_users: boolean; can_edit_settings: boolean; max_receipt_amount?: number | ... 1 more ... | undefined; }>; }, any, TFieldValues> | undefined' is not assignable to type 'Resolver<{ roles: Record<string, { can_create_duties: boolean; can_manage_finance: boolean; can_post_announcements: boolean; can_invite_users: boolean; can_edit_settings: boolean; max_receipt_amount?: number | ... 1 more ... | undefined; }>; }, any, { ...; }> | undefined'.
      Type 'Resolver<{ roles: Record<string, { can_create_duties: boolean; can_manage_finance: boolean; can_post_announcements: boolean; can_invite_users: boolean; can_edit_settings: boolean; max_receipt_amount?: number | ... 1 more ... | undefined; }>; }, any, TFieldValues>' is not assignable to type 'Resolver<{ roles: Record<string, { can_create_duties: boolean; can_manage_finance: boolean; can_post_announcements: boolean; can_invite_users: boolean; can_edit_settings: boolean; max_receipt_amount?: number | ... 1 more ... | undefined; }>; }, any, { ...; }>'.
        Type 'ResolverResult<{ roles: Record<string, { can_create_duties: boolean; can_manage_finance: boolean; can_post_announcements: boolean; can_invite_users: boolean; can_edit_settings: boolean; max_receipt_amount?: number | ... 1 more ... | undefined; }>; }, TFieldValues> | Promise<...>' is not assignable to type 'ResolverResult<{ roles: Record<string, { can_create_duties: boolean; can_manage_finance: boolean; can_post_announcements: boolean; can_invite_users: boolean; can_edit_settings: boolean; max_receipt_amount?: number | ... 1 more ... | undefined; }>; }, { ...; }> | Promise<...>'.
          Type 'ResolverSuccess<TFieldValues>' is not assignable to type 'ResolverResult<{ roles: Record<string, { can_create_duties: boolean; can_manage_finance: boolean; can_post_announcements: boolean; can_invite_users: boolean; can_edit_settings: boolean; max_receipt_amount?: number | ... 1 more ... | undefined; }>; }, { ...; }> | Promise<...>'.
            Type 'ResolverSuccess<TFieldValues>' is not assignable to type 'ResolverSuccess<{ roles: Record<string, { can_create_duties: boolean; can_manage_finance: boolean; can_post_announcements: boolean; can_invite_users: boolean; can_edit_settings: boolean; max_receipt_amount?: number | ... 1 more ... | undefined; }>; }>'.
              Type 'TFieldValues' is not assignable to type '{ roles: Record<string, { can_create_duties: boolean; can_manage_finance: boolean; can_post_announcements: boolean; can_invite_users: boolean; can_edit_settings: boolean; max_receipt_amount?: number | ... 1 more ... | undefined; }>; }'.
                Property 'roles' is missing in type 'FieldValues' but required in type '{ roles: Record<string, { can_create_duties: boolean; can_manage_finance: boolean; can_post_announcements: boolean; can_invite_users: boolean; can_edit_settings: boolean; max_receipt_amount?: number | ... 1 more ... | undefined; }>; }'.
components/settings/forms/RolesSettingsForm.tsx(108,21): error TS2322: Type 'boolean | undefined' is not assignable to type 'boolean'.
  Type 'undefined' is not assignable to type 'boolean'.
components/settings/forms/RolesSettingsForm.tsx(114,17): error TS2322: Type 'Control<{ roles: Record<string, { can_create_duties: boolean; can_manage_finance: boolean; can_post_announcements: boolean; can_invite_users: boolean; can_edit_settings: boolean; max_receipt_amount?: number | ... 1 more ... | undefined; }>; }, any, TFieldValues>' is not assignable to type 'Control<{ roles: Record<string, { can_create_duties: boolean; can_manage_finance: boolean; can_post_announcements: boolean; can_invite_users: boolean; can_edit_settings: boolean; max_receipt_amount?: number | ... 1 more ... | undefined; }>; }, any, { ...; }>'.
  The types of '_options.resolver' are incompatible between these types.
    Type 'Resolver<{ roles: Record<string, { can_create_duties: boolean; can_manage_finance: boolean; can_post_announcements: boolean; can_invite_users: boolean; can_edit_settings: boolean; max_receipt_amount?: number | ... 1 more ... | undefined; }>; }, any, TFieldValues> | undefined' is not assignable to type 'Resolver<{ roles: Record<string, { can_create_duties: boolean; can_manage_finance: boolean; can_post_announcements: boolean; can_invite_users: boolean; can_edit_settings: boolean; max_receipt_amount?: number | ... 1 more ... | undefined; }>; }, any, { ...; }> | undefined'.
      Type 'Resolver<{ roles: Record<string, { can_create_duties: boolean; can_manage_finance: boolean; can_post_announcements: boolean; can_invite_users: boolean; can_edit_settings: boolean; max_receipt_amount?: number | ... 1 more ... | undefined; }>; }, any, TFieldValues>' is not assignable to type 'Resolver<{ roles: Record<string, { can_create_duties: boolean; can_manage_finance: boolean; can_post_announcements: boolean; can_invite_users: boolean; can_edit_settings: boolean; max_receipt_amount?: number | ... 1 more ... | undefined; }>; }, any, { ...; }>'.
        Type 'ResolverResult<{ roles: Record<string, { can_create_duties: boolean; can_manage_finance: boolean; can_post_announcements: boolean; can_invite_users: boolean; can_edit_settings: boolean; max_receipt_amount?: number | ... 1 more ... | undefined; }>; }, TFieldValues> | Promise<...>' is not assignable to type 'ResolverResult<{ roles: Record<string, { can_create_duties: boolean; can_manage_finance: boolean; can_post_announcements: boolean; can_invite_users: boolean; can_edit_settings: boolean; max_receipt_amount?: number | ... 1 more ... | undefined; }>; }, { ...; }> | Promise<...>'.
          Type 'ResolverSuccess<TFieldValues>' is not assignable to type 'ResolverResult<{ roles: Record<string, { can_create_duties: boolean; can_manage_finance: boolean; can_post_announcements: boolean; can_invite_users: boolean; can_edit_settings: boolean; max_receipt_amount?: number | ... 1 more ... | undefined; }>; }, { ...; }> | Promise<...>'.
            Type 'ResolverSuccess<TFieldValues>' is not assignable to type 'ResolverSuccess<{ roles: Record<string, { can_create_duties: boolean; can_manage_finance: boolean; can_post_announcements: boolean; can_invite_users: boolean; can_edit_settings: boolean; max_receipt_amount?: number | ... 1 more ... | undefined; }>; }>'.
              Type 'TFieldValues' is not assignable to type '{ roles: Record<string, { can_create_duties: boolean; can_manage_finance: boolean; can_post_announcements: boolean; can_invite_users: boolean; can_edit_settings: boolean; max_receipt_amount?: number | ... 1 more ... | undefined; }>; }'.
                Property 'roles' is missing in type 'FieldValues' but required in type '{ roles: Record<string, { can_create_duties: boolean; can_manage_finance: boolean; can_post_announcements: boolean; can_invite_users: boolean; can_edit_settings: boolean; max_receipt_amount?: number | ... 1 more ... | undefined; }>; }'.
components/settings/forms/RolesSettingsForm.tsx(120,21): error TS2322: Type 'boolean | undefined' is not assignable to type 'boolean'.
  Type 'undefined' is not assignable to type 'boolean'.
components/settings/forms/RolesSettingsForm.tsx(126,17): error TS2322: Type 'Control<{ roles: Record<string, { can_create_duties: boolean; can_manage_finance: boolean; can_post_announcements: boolean; can_invite_users: boolean; can_edit_settings: boolean; max_receipt_amount?: number | ... 1 more ... | undefined; }>; }, any, TFieldValues>' is not assignable to type 'Control<{ roles: Record<string, { can_create_duties: boolean; can_manage_finance: boolean; can_post_announcements: boolean; can_invite_users: boolean; can_edit_settings: boolean; max_receipt_amount?: number | ... 1 more ... | undefined; }>; }, any, { ...; }>'.
  The types of '_options.resolver' are incompatible between these types.
    Type 'Resolver<{ roles: Record<string, { can_create_duties: boolean; can_manage_finance: boolean; can_post_announcements: boolean; can_invite_users: boolean; can_edit_settings: boolean; max_receipt_amount?: number | ... 1 more ... | undefined; }>; }, any, TFieldValues> | undefined' is not assignable to type 'Resolver<{ roles: Record<string, { can_create_duties: boolean; can_manage_finance: boolean; can_post_announcements: boolean; can_invite_users: boolean; can_edit_settings: boolean; max_receipt_amount?: number | ... 1 more ... | undefined; }>; }, any, { ...; }> | undefined'.
      Type 'Resolver<{ roles: Record<string, { can_create_duties: boolean; can_manage_finance: boolean; can_post_announcements: boolean; can_invite_users: boolean; can_edit_settings: boolean; max_receipt_amount?: number | ... 1 more ... | undefined; }>; }, any, TFieldValues>' is not assignable to type 'Resolver<{ roles: Record<string, { can_create_duties: boolean; can_manage_finance: boolean; can_post_announcements: boolean; can_invite_users: boolean; can_edit_settings: boolean; max_receipt_amount?: number | ... 1 more ... | undefined; }>; }, any, { ...; }>'.
        Type 'ResolverResult<{ roles: Record<string, { can_create_duties: boolean; can_manage_finance: boolean; can_post_announcements: boolean; can_invite_users: boolean; can_edit_settings: boolean; max_receipt_amount?: number | ... 1 more ... | undefined; }>; }, TFieldValues> | Promise<...>' is not assignable to type 'ResolverResult<{ roles: Record<string, { can_create_duties: boolean; can_manage_finance: boolean; can_post_announcements: boolean; can_invite_users: boolean; can_edit_settings: boolean; max_receipt_amount?: number | ... 1 more ... | undefined; }>; }, { ...; }> | Promise<...>'.
          Type 'ResolverSuccess<TFieldValues>' is not assignable to type 'ResolverResult<{ roles: Record<string, { can_create_duties: boolean; can_manage_finance: boolean; can_post_announcements: boolean; can_invite_users: boolean; can_edit_settings: boolean; max_receipt_amount?: number | ... 1 more ... | undefined; }>; }, { ...; }> | Promise<...>'.
            Type 'ResolverSuccess<TFieldValues>' is not assignable to type 'ResolverSuccess<{ roles: Record<string, { can_create_duties: boolean; can_manage_finance: boolean; can_post_announcements: boolean; can_invite_users: boolean; can_edit_settings: boolean; max_receipt_amount?: number | ... 1 more ... | undefined; }>; }>'.
              Type 'TFieldValues' is not assignable to type '{ roles: Record<string, { can_create_duties: boolean; can_manage_finance: boolean; can_post_announcements: boolean; can_invite_users: boolean; can_edit_settings: boolean; max_receipt_amount?: number | ... 1 more ... | undefined; }>; }'.
                Property 'roles' is missing in type 'FieldValues' but required in type '{ roles: Record<string, { can_create_duties: boolean; can_manage_finance: boolean; can_post_announcements: boolean; can_invite_users: boolean; can_edit_settings: boolean; max_receipt_amount?: number | ... 1 more ... | undefined; }>; }'.
components/settings/forms/RolesSettingsForm.tsx(132,21): error TS2322: Type 'boolean | undefined' is not assignable to type 'boolean'.
  Type 'undefined' is not assignable to type 'boolean'.
components/settings/forms/UserProfileSettingsForm.tsx(286,17): error TS2322: Type '"email"' is not assignable to type '"avatar_url" | "full_name" | "preferences" | "preferences.phone" | "preferences.notifications" | "preferences.theme" | "preferences.bio" | "preferences.notifications.enable_email_notifications" | "preferences.notifications.enable_push_notifications" | "preferences.notifications.enable_whatsapp_notifications"'.
components/settings/forms/UserProfileSettingsForm.tsx(388,19): error TS17001: JSX elements cannot have multiple attributes with the same name.
